Regression output:
State @198
	* Goal reached *
	True predicates:
		Goal
		IntermediateGoal
	Resource levels:
		money=1
	Past event queue:
		Event effect (1): 'DOMEffectSet' @ 0 queued at 0 pointing to 0x80a12f8 (1)
		Event start action (1): 'B' @ 0 queued at 0 pointing to 0x80a1218 (1)
		Event effect (1): 'DOMEffectSet' @ 99 queued at 99 pointing to 0x80a1830 (1)
		Event end action (1): 'B' @ 99 queued at 0 pointing to 0x80a1218 (1)
		Event start outcome (1): 'Success' @ 99 queued at 99 pointing to 0x80a17f0 (1)
		Event end outcome (1): 'Success' @ 99 queued at 99 pointing to 0x80a17f0 (1)
		Event start action (2): 'G' @ 99 queued at 99 pointing to 0x80a1978 (2)
		Event effect (2): 'DOMEffectSet' @ 198 queued at 198 pointing to 0x80a1f10 (2)
		Event end action (2): 'G' @ 198 queued at 99 pointing to 0x80a1978 (2)
		Event start outcome (2): 'Goal' @ 198 queued at 198 pointing to 0x80a1bf0 (2)
		Event end outcome (2): 'Goal' @ 198 queued at 198 pointing to 0x80a1bf0 (2)
	Future event queue:

