Regression output:
State @36001
	* Goal reached *
	True predicates:
		AEnds
	Resource levels:
	Past event queue:
		Event start action (1): 'A' @ 1 queued at 1 pointing to 0x80a07d8 (1)
		Event effect (1): 'DOMEffectSet' @ 36001 queued at 36001 pointing to 0x80a0878 (1)
		Event end action (1): 'A' @ 36001 queued at 1 pointing to 0x80a07d8 (1)
	Future event queue:

